
07:46:25.295 [info] Loading 142 CA(s) from :otp store

07:46:25.501 id=1 [debug] handled request client -> server initialize in 85ms

07:46:26.846 [debug] handled notification client -> server textDocument/didOpen in 4ms

07:46:26.849 [debug] sent notification server -> client window/logMessage

07:46:26.853 [debug] NextLS v0.23.4 has initialized!

07:46:26.853 [debug] sent notification server -> client window/logMessage

07:46:26.854 [debug] Log file located at /home/ongera/projects/asset_management/lib/asset_management_web/controllers/.elixir-tools/next-ls.log

07:46:26.860 [debug] sent notification server -> client window/logMessage

07:46:26.860 [info] [extension] Credo initializing with options %NextLS.InitOpts.Extensions.Credo{enable: true, cli_options: []}

07:46:35.133 [debug] sent notification server -> client window/logMessage

07:46:35.133 [debug] Booting runtimes...

07:46:35.136 id=8 [debug] sent request server -> client window/workDoneProgress/create

07:46:35.140 [debug] sent notification server -> client $/progress

07:46:35.148 [debug] sent notification server -> client window/logMessage

07:46:35.149 [info] Beginning DB migration...

07:46:35.154 [debug] sent notification server -> client window/logMessage

07:46:35.154 [info] Database is on the latest version: 7

07:46:35.154 [debug] sent notification server -> client window/logMessage

07:46:35.154 [info] Finished DB migration...

07:46:35.154 [debug] sent notification server -> client window/logMessage

07:46:35.154 [info] Booting runtime for asset_management.

- elixir: /home/ongera/.asdf/shims/elixir
- zombie wrapper script: /home/ongera/.local/share/.burrito/next_ls_erts-15.2_0.23.4/lib/next_ls-0.23.4/priv/cmd
- working_dir: /home/ongera/projects/asset_management
- command: /home/ongera/.asdf/shims/elixir --no-halt --sname nextls-runtime-1769489195154287418 --cookie HHYKTHK2JHVUZI3HDBMAF64GPJFPN4AV4Y7CQDE27SSFQKZPVAFQ==== -S mix loadpaths --no-compile

Environment: 

LSP=nextls
NEXTLS_PARENT_PID=g1h3Im5leHQtbHMtMTc2OTQ4OTE4NTMwNTc5MDQyNEBwYXJyb3QAAADnAAAAAGl4QyI=
MIX_ENV=dev
MIX_TARGET=host
MIX_BUILD_ROOT=.elixir-tools/_build
ROOTDIR=false
BINDIR=false
RELEASE_ROOT=false
RELEASE_SYS_CONFIG=false
PATH=/home/ongera/.asdf/shims:/home/ongera/.local/share/.burrito/next_ls_erts-15.2_0.23.4/bin:/home/ongera/.local/share/nvim/mason/bin:/home/ongera/.local/bin:/snap/bin:/home/ongera/.local/bin:/snap/bin:/home/ongera/.local/bin:/snap/bin:/home/ongera/.local/bin:/snap/bin:/usr/local/sbin:/usr/sbin:/sbin:/home/ongera/.asdf/shims:/home/ongera/.asdf/bin:/home/ongera/.cargo/bin:/home/ongera/.nvm/versions/node/v20.19.1/bin:/home/ongera/.local/bin:/usr/local/bin:/usr/bin:/bin:/usr/local/games:/usr/games:/home/ongera/Downloads/flutter/bin:/home/ongera:/Android/Sdk/cmdline-tools/bin:/home/ongera/.nvm/versions/node/v20.19.1/bin:/snap/bin


07:46:35.154 [debug] handled notification client -> server initialized in 8313ms

07:46:35.849 [debug] sent notification server -> client window/logMessage

07:46:35.849 [info] ** (ArgumentError) The module Phoenix.CodeReloader was given as a child to a supervisor but it does not exist
    (elixir 1.19.5) lib/supervisor.ex:814: Supervisor.init_child/1
    (elixir 1.19.5) lib/supervisor.ex:922: Supervisor.child_spec/2
    (elixir 1.19.5) lib/enum.ex:1688: Enum."-map/2-lists^map/1-1-"/2
    (mix 1.19.5) lib/mix/pubsub.ex:80: Mix.PubSub.listener_supervisor/0
    (mix 1.19.5) lib/mix/pubsub.ex:62: Mix.PubSub.start_listeners/0
    (mix 1.19.5) lib/mix/tasks/deps.loadpaths.ex:83: Mix.Tasks.Deps.Loadpaths.run/1
    (mix 1.19.5) lib/mix/task.ex:499: anonymous fn/3 in Mix.Task.run_task/5
    (mix 1.19.5) lib/mix/tasks/loadpaths.ex:43: Mix.Tasks.Loadpaths.run/1


07:46:35.855 [debug] sent notification server -> client $/progress

07:46:35.856 [debug] sent notification server -> client window/logMessage

07:46:35.856 [error] Runtime for folder asset_management failed to initialize

07:46:35.858 [debug] sent notification server -> client window/logMessage

07:46:35.858 [info] The runtime for asset_management has successfully shut down.

07:48:00.153 id=2 [debug] handled request client -> server shutdown in 2ms
